src/controllers/ordernote.controller.ts(13,26): error TS2322: Type 'string | string[]' is not assignable to type 'Exact<string | StringFilter<"OrderNote"> | undefined, string | StringFilter<"OrderNote"> | undefined>'.
  Type 'string[]' is not assignable to type 'Exact<string | StringFilter<"OrderNote"> | undefined, string | StringFilter<"OrderNote"> | undefined>'.
src/controllers/ordernote.controller.ts(43,21): error TS2322: Type 'string | string[]' is not assignable to type 'string | undefined'.
  Type 'string[]' is not assignable to type 'string'.
src/controllers/orderresource.controller.ts(12,26): error TS2322: Type 'string | string[]' is not assignable to type 'Exact<string | StringFilter<"OrderResource"> | undefined, string | StringFilter<"OrderResource"> | undefined>'.
  Type 'string[]' is not assignable to type 'Exact<string | StringFilter<"OrderResource"> | undefined, string | StringFilter<"OrderResource"> | undefined>'.
src/controllers/orderresource.controller.ts(36,21): error TS2322: Type 'string | string[]' is not assignable to type 'string | undefined'.
  Type 'string[]' is not assignable to type 'string'.
src/debug-list-models.ts(28,34): error TS7006: Parameter 'm' implicitly has an 'any' type.
